
R version 4.3.0 (2023-04-21) -- "Already Tomorrow"
Copyright (C) 2023 The R Foundation for Statistical Computing
Platform: aarch64-apple-darwin20 (64-bit)

R ist freie Software und kommt OHNE JEGLICHE GARANTIE.
Sie sind eingeladen, es unter bestimmten Bedingungen weiter zu verbreiten.
Tippen Sie 'license()' or 'licence()' für Details dazu.

  Natural language support but running in an English locale

R is a collaborative project with many contributors.
Type 'contributors()' for more information and
'citation()' on how to cite R or R packages in publications.

Tippen Sie 'demo()' für einige Demos, 'help()' für on-line Hilfe, oder
'help.start()' für eine HTML Browserschnittstelle zur Hilfe.
Tippen Sie 'q()', um R zu verlassen.

> # Top commands ----
> 
> # Create empty R application (no figures, data frames, packages, etc.)
> # Get a list of all loaded packages
> packages <- search()[grepl("package:", search())]
> # Unload each package
> for (package in packages) {
+   unloadNamespace(package)
+ }
> 
> rm(list=ls(all=TRUE))
> 
> # load library
> library(synthpop)
Find out more at https://www.synthpop.org.uk/
> library(tidyverse)
── Attaching core tidyverse packages ──────────────────────── tidyverse 2.0.0 ──
✔ dplyr     1.1.2     ✔ readr     2.1.4
✔ forcats   1.0.0     ✔ stringr   1.5.0
✔ ggplot2   3.4.2     ✔ tibble    3.2.1
✔ lubridate 1.9.2     ✔ tidyr     1.3.0
✔ purrr     1.0.1     
── Conflicts ────────────────────────────────────────── tidyverse_conflicts() ──
✖ dplyr::filter() masks stats::filter()
✖ dplyr::lag()    masks stats::lag()
ℹ Use the conflicted package (<http://conflicted.r-lib.org/>) to force all conflicts to become errors
> 
> # FOLDERS - ADAPT THIS PATHWAY
> main_dir = "/Users/jonathanlatner/Documents/GitHub/KEM_GAN/latner/projects/comparison/"
> 
> data_files = "data_files/"
> original_data = "data_files/original/"
> synthetic_data = "data_files/synthetic/synthpop/"
> duration = "duration/analyze/"
> 
> setwd(main_dir)
> 
> #functions
> options(scipen=999) 
> 
> # Generate all combinations for a vector of letters from A to Z
> letters_vector <- LETTERS
> combinations <- expand.grid(letters_vector, letters_vector)
> letters2 <- apply(combinations, 1, paste, collapse = "")
> 
> # v08 - wkabdur, random ar last ----
> # random has XX values
> 
> ods <- SD2011
> df_ods <- ods
> 
> df_ods <- df_ods %>%
+   select(-eduspec, eduspec) %>%
+   arrange(desc(eduspec))
> 
> df_ods$wkabdur <- as.numeric(df_ods$wkabdur)
> 
> # Set seed for reproducibility
> set.seed(123)
> 
> # Create a random variable with 5000 cases that XX unique character values
> unique_values <- sample(letters2, 25, replace = FALSE)
> df_ods$random_1 <- sample(unique_values, nrow(df_ods), replace = TRUE)
> 
> unique_values <- sample(letters2, 25, replace = FALSE)
> df_ods$random_2 <- sample(unique_values, nrow(df_ods), replace = TRUE)
> 
> time_start <- proc.time()
> df_synds <- syn(df_ods, m = 1) 

Variable(s): random_1, random_2 have been changed for synthesis from character to factor.

Synthesis
-----------
 sex age agegr placesize region edu socprof unempdur income marital
 mmarr ymarr msepdiv ysepdiv ls depress trust trustfam trustneigh sport
 nofriend smoke nociga alcabuse alcsol workab wkabdur wkabint wkabintdur emcc
 englang height weight bmi eduspec random_1 random_2
> time_end <- proc.time()
> time_duration_8 <- as.numeric(time_end[1] - time_start[1])
> time_duration_8
[1] 419.843
> 
> df_time_duration <- data.frame(data = c("sd2011_v08"),
+                                duration = c(time_duration_8),
+                                type = "synthpop")
> 
> write.csv(df_time_duration, paste0(duration,"duration_synthpop_sd2011_v08_package.csv"), row.names=FALSE)
> 
> proc.time()
       User      System verstrichen 
    420.766       0.292     424.395 
