
R version 4.3.0 (2023-04-21) -- "Already Tomorrow"
Copyright (C) 2023 The R Foundation for Statistical Computing
Platform: aarch64-apple-darwin20 (64-bit)

R ist freie Software und kommt OHNE JEGLICHE GARANTIE.
Sie sind eingeladen, es unter bestimmten Bedingungen weiter zu verbreiten.
Tippen Sie 'license()' or 'licence()' für Details dazu.

  Natural language support but running in an English locale

R is a collaborative project with many contributors.
Type 'contributors()' for more information and
'citation()' on how to cite R or R packages in publications.

Tippen Sie 'demo()' für einige Demos, 'help()' für on-line Hilfe, oder
'help.start()' für eine HTML Browserschnittstelle zur Hilfe.
Tippen Sie 'q()', um R zu verlassen.

> # Top commands ----
> 
> # Create empty R application (no figures, data frames, packages, etc.)
> # Get a list of all loaded packages
> packages <- search()[grepl("package:", search())]
> # Unload each package
> for (package in packages) {
+   unloadNamespace(package)
+ }
> 
> rm(list=ls(all=TRUE))
> 
> # load library
> library(tidyverse)
── Attaching core tidyverse packages ──────────────────────── tidyverse 2.0.0 ──
✔ dplyr     1.1.2     ✔ readr     2.1.4
✔ forcats   1.0.0     ✔ stringr   1.5.0
✔ ggplot2   3.4.2     ✔ tibble    3.2.1
✔ lubridate 1.9.2     ✔ tidyr     1.3.0
✔ purrr     1.0.1     
── Conflicts ────────────────────────────────────────── tidyverse_conflicts() ──
✖ dplyr::filter() masks stats::filter()
✖ dplyr::lag()    masks stats::lag()
ℹ Use the conflicted package (<http://conflicted.r-lib.org/>) to force all conflicts to become errors
> library(xtable)
> library(synthpop)
Find out more at https://www.synthpop.org.uk/
> library(ggh4x)
> 
> # FOLDERS - ADAPT THIS PATHWAY
> main_dir = "/Users/jonathanlatner/Documents/GitHub/KEM_GAN/latner/data/benchmark/"
> 
> setwd(main_dir)
Fehler in setwd(main_dir) : kann Arbeitsverzeichnis nicht wechseln
Ausführung angehalten
